
Circuit 1 cell sg13_hv_nmos and Circuit 2 cell sg13_hv_nmos are black boxes.
Warning: Equate pins:  cell sg13_hv_nmos is a placeholder, treated as a black box.
Warning: Equate pins:  cell sg13_hv_nmos is a placeholder, treated as a black box.

Subcircuit pins:
Circuit 1: sg13_hv_nmos                    |Circuit 2: sg13_hv_nmos                    
-------------------------------------------|-------------------------------------------
1                                          |1                                          
2                                          |2                                          
3                                          |3                                          
4                                          |4                                          
---------------------------------------------------------------------------------------
Cell pin lists are equivalent.
Device classes sg13_hv_nmos and sg13_hv_nmos are equivalent.

Circuit 1 cell sg13_hv_pmos and Circuit 2 cell sg13_hv_pmos are black boxes.
Warning: Equate pins:  cell sg13_hv_pmos is a placeholder, treated as a black box.
Warning: Equate pins:  cell sg13_hv_pmos is a placeholder, treated as a black box.

Subcircuit pins:
Circuit 1: sg13_hv_pmos                    |Circuit 2: sg13_hv_pmos                    
-------------------------------------------|-------------------------------------------
1                                          |1                                          
2                                          |2                                          
3                                          |3                                          
4                                          |4                                          
---------------------------------------------------------------------------------------
Cell pin lists are equivalent.
Device classes sg13_hv_pmos and sg13_hv_pmos are equivalent.
Flattening unmatched subcell low_th_inverter in circuit pulse_shaper_en (1)(1 instance)
Flattening unmatched subcell high_th_inverter in circuit pulse_shaper_en (1)(1 instance)
Flattening unmatched subcell hv_inverter_40u in circuit pulse_shaper_en (1)(3 instances)
Flattening unmatched subcell hv_inverter_0u3 in circuit pulse_shaper_en (1)(1 instance)
Flattening unmatched subcell hv_nor in circuit pulse_shaper_en (1)(1 instance)
Flattening unmatched subcell hv_nand in circuit pulse_shaper_en (1)(1 instance)

Class pulse_shaper_en (0):  Merged 46 parallel devices.
Subcircuit summary:
Circuit 1: pulse_shaper_en                 |Circuit 2: pulse_shaper_en                 
-------------------------------------------|-------------------------------------------
sg13_hv_nmos (33->10)                      |sg13_hv_nmos (10)                          
sg13_hv_pmos (33->10)                      |sg13_hv_pmos (10)                          
Number of devices: 20                      |Number of devices: 20                      
Number of nets: 14                         |Number of nets: 14                         
---------------------------------------------------------------------------------------
Netlists match uniquely with property errors.
sg13_hv_pmos:32 vs. low_th_inverter:7/sg13_hv_pmos:M2:
 l circuit1: "4e-07"   (unresolved expression)  (property type mismatch)
 w circuit1: "1e-06"   (unresolved expression)  (property type mismatch)
sg13_hv_pmos:32 vs. low_th_inverter:7/sg13_hv_pmos:M2:
Property mm_ok in circuit2 has no matching property in circuit1
sg13_hv_pmos:30 vs. high_th_inverter:8/sg13_hv_pmos:M2:
 l circuit1: "4e-07"   (unresolved expression)  (property type mismatch)
 w circuit1: "1e-05"   (unresolved expression)  (property type mismatch)
sg13_hv_pmos:30 vs. high_th_inverter:8/sg13_hv_pmos:M2:
Property mm_ok in circuit2 has no matching property in circuit1
sg13_hv_pmos:20 vs. hv_inverter_40u:11/sg13_hv_pmos:M3:
 l circuit1: "4e-07"   (unresolved expression)  (property type mismatch)
 w circuit1: "1e-05"   (unresolved expression)  (property type mismatch)
sg13_hv_pmos:20 vs. hv_inverter_40u:11/sg13_hv_pmos:M3:
Property mm_ok in circuit2 has no matching property in circuit1
sg13_hv_pmos:1 vs. hv_inverter_40u:10/sg13_hv_pmos:M3:
 l circuit1: "4e-07"   (unresolved expression)  (property type mismatch)
 w circuit1: "1e-05"   (unresolved expression)  (property type mismatch)
sg13_hv_pmos:1 vs. hv_inverter_40u:10/sg13_hv_pmos:M3:
Property mm_ok in circuit2 has no matching property in circuit1
sg13_hv_pmos:49 vs. hv_inverter_0u3:1/sg13_hv_pmos:M3:
 l circuit1: "4e-07"   (unresolved expression)  (property type mismatch)
 w circuit1: "3e-07"   (unresolved expression)  (property type mismatch)
sg13_hv_pmos:49 vs. hv_inverter_0u3:1/sg13_hv_pmos:M3:
Property mm_ok in circuit2 has no matching property in circuit1
sg13_hv_pmos:49 vs. hv_inverter_0u3:1/sg13_hv_pmos:M3:
Property mm_ok in circuit2 has no matching property in circuit1
sg13_hv_pmos:7 vs. hv_nor:5/sg13_hv_pmos:M3:
 l circuit1: "4e-07"   (unresolved expression)  (property type mismatch)
 w circuit1: "1e-05"   (unresolved expression)  (property type mismatch)
sg13_hv_pmos:7 vs. hv_nor:5/sg13_hv_pmos:M3:
Property mm_ok in circuit2 has no matching property in circuit1
sg13_hv_pmos:14 vs. hv_nor:5/sg13_hv_pmos:M4:
 l circuit1: "4e-07"   (unresolved expression)  (property type mismatch)
 w circuit1: "1e-05"   (unresolved expression)  (property type mismatch)
sg13_hv_pmos:14 vs. hv_nor:5/sg13_hv_pmos:M4:
Property mm_ok in circuit2 has no matching property in circuit1
sg13_hv_pmos:8 vs. hv_nand:4/sg13_hv_pmos:M4:
 l circuit1: "4e-07"   (unresolved expression)  (property type mismatch)
 w circuit1: "1e-05"   (unresolved expression)  (property type mismatch)
sg13_hv_pmos:8 vs. hv_nand:4/sg13_hv_pmos:M4:
Property mm_ok in circuit2 has no matching property in circuit1
sg13_hv_pmos:3 vs. hv_nand:4/sg13_hv_pmos:M3:
 l circuit1: "4e-07"   (unresolved expression)  (property type mismatch)
 w circuit1: "1e-05"   (unresolved expression)  (property type mismatch)
sg13_hv_pmos:3 vs. hv_nand:4/sg13_hv_pmos:M3:
Property mm_ok in circuit2 has no matching property in circuit1
sg13_hv_pmos:13 vs. hv_inverter_40u:3/sg13_hv_pmos:M3:
 l circuit1: "4e-07"   (unresolved expression)  (property type mismatch)
 w circuit1: "1e-05"   (unresolved expression)  (property type mismatch)
sg13_hv_pmos:13 vs. hv_inverter_40u:3/sg13_hv_pmos:M3:
Property mm_ok in circuit2 has no matching property in circuit1
sg13_hv_nmos:15 vs. high_th_inverter:8/sg13_hv_nmos:M1:
 l circuit1: "4.5e-07"   (unresolved expression)  (property type mismatch)
 w circuit1: "1e-06"   (unresolved expression)  (property type mismatch)
sg13_hv_nmos:15 vs. high_th_inverter:8/sg13_hv_nmos:M1:
Property mm_ok in circuit2 has no matching property in circuit1
sg13_hv_nmos:4 vs. low_th_inverter:7/sg13_hv_nmos:M1:
 l circuit1: "4.5e-07"   (unresolved expression)  (property type mismatch)
 w circuit1: "1e-06"   (unresolved expression)  (property type mismatch)
sg13_hv_nmos:4 vs. low_th_inverter:7/sg13_hv_nmos:M1:
Property mm_ok in circuit2 has no matching property in circuit1
sg13_hv_nmos:11 vs. hv_inverter_40u:10/sg13_hv_nmos:M2:
 l circuit1: "4.5e-07"   (unresolved expression)  (property type mismatch)
 w circuit1: "3e-06"   (unresolved expression)  (property type mismatch)
sg13_hv_nmos:11 vs. hv_inverter_40u:10/sg13_hv_nmos:M2:
Property mm_ok in circuit2 has no matching property in circuit1
sg13_hv_nmos:6 vs. hv_inverter_40u:11/sg13_hv_nmos:M2:
 l circuit1: "4.5e-07"   (unresolved expression)  (property type mismatch)
 w circuit1: "3e-06"   (unresolved expression)  (property type mismatch)
sg13_hv_nmos:6 vs. hv_inverter_40u:11/sg13_hv_nmos:M2:
Property mm_ok in circuit2 has no matching property in circuit1
sg13_hv_nmos:65 vs. hv_inverter_0u3:1/sg13_hv_nmos:M2:
 l circuit1: "4.5e-07"   (unresolved expression)  (property type mismatch)
 w circuit1: "3e-07"   (unresolved expression)  (property type mismatch)
sg13_hv_nmos:65 vs. hv_inverter_0u3:1/sg13_hv_nmos:M2:
Property mm_ok in circuit2 has no matching property in circuit1
sg13_hv_nmos:65 vs. hv_inverter_0u3:1/sg13_hv_nmos:M2:
Property mm_ok in circuit2 has no matching property in circuit1
sg13_hv_nmos:9 vs. hv_nor:5/sg13_hv_nmos:M2:
 l circuit1: "4.5e-07"   (unresolved expression)  (property type mismatch)
 w circuit1: "3e-06"   (unresolved expression)  (property type mismatch)
sg13_hv_nmos:9 vs. hv_nor:5/sg13_hv_nmos:M2:
Property mm_ok in circuit2 has no matching property in circuit1
sg13_hv_nmos:5 vs. hv_nor:5/sg13_hv_nmos:M1:
 l circuit1: "4.5e-07"   (unresolved expression)  (property type mismatch)
 w circuit1: "3e-06"   (unresolved expression)  (property type mismatch)
sg13_hv_nmos:5 vs. hv_nor:5/sg13_hv_nmos:M1:
Property mm_ok in circuit2 has no matching property in circuit1
sg13_hv_nmos:16 vs. hv_nand:4/sg13_hv_nmos:M2:
 l circuit1: "4.5e-07"   (unresolved expression)  (property type mismatch)
 w circuit1: "3e-06"   (unresolved expression)  (property type mismatch)
sg13_hv_nmos:16 vs. hv_nand:4/sg13_hv_nmos:M2:
Property mm_ok in circuit2 has no matching property in circuit1
sg13_hv_nmos:26 vs. hv_nand:4/sg13_hv_nmos:M1:
 l circuit1: "4.5e-07"   (unresolved expression)  (property type mismatch)
 w circuit1: "3e-06"   (unresolved expression)  (property type mismatch)
sg13_hv_nmos:26 vs. hv_nand:4/sg13_hv_nmos:M1:
Property mm_ok in circuit2 has no matching property in circuit1
sg13_hv_nmos:0 vs. hv_inverter_40u:3/sg13_hv_nmos:M2:
 l circuit1: "4.5e-07"   (unresolved expression)  (property type mismatch)
 w circuit1: "3e-06"   (unresolved expression)  (property type mismatch)
sg13_hv_nmos:0 vs. hv_inverter_40u:3/sg13_hv_nmos:M2:
Property mm_ok in circuit2 has no matching property in circuit1

Subcircuit pins:
Circuit 1: pulse_shaper_en                 |Circuit 2: pulse_shaper_en                 
-------------------------------------------|-------------------------------------------
out1                                       |out1                                       
nout2                                      |nout2                                      
out2                                       |out2                                       
nout1                                      |nout1                                      
in                                         |in                                         
VDD                                        |VDD                                        
VSS                                        |VSS                                        
en                                         |en                                         
---------------------------------------------------------------------------------------
Cell pin lists are equivalent.
Device classes pulse_shaper_en and pulse_shaper_en are equivalent.

Final result: Circuits match uniquely.
Property errors were found.

The following cells had property errors:
 pulse_shaper_en
