
Circuit 1 cell sg13_hv_pmos and Circuit 2 cell sg13_hv_pmos are black boxes.
Warning: Equate pins:  cell sg13_hv_pmos is a placeholder, treated as a black box.
Warning: Equate pins:  cell sg13_hv_pmos is a placeholder, treated as a black box.

Subcircuit pins:
Circuit 1: sg13_hv_pmos                    |Circuit 2: sg13_hv_pmos                    
-------------------------------------------|-------------------------------------------
1                                          |1                                          
2                                          |2                                          
3                                          |3                                          
4                                          |4                                          
---------------------------------------------------------------------------------------
Cell pin lists are equivalent.
Device classes sg13_hv_pmos and sg13_hv_pmos are equivalent.

Circuit 1 cell sg13_hv_nmos and Circuit 2 cell sg13_hv_nmos are black boxes.
Warning: Equate pins:  cell sg13_hv_nmos is a placeholder, treated as a black box.
Warning: Equate pins:  cell sg13_hv_nmos is a placeholder, treated as a black box.

Subcircuit pins:
Circuit 1: sg13_hv_nmos                    |Circuit 2: sg13_hv_nmos                    
-------------------------------------------|-------------------------------------------
1                                          |1                                          
2                                          |2                                          
3                                          |3                                          
4                                          |4                                          
---------------------------------------------------------------------------------------
Cell pin lists are equivalent.
Device classes sg13_hv_nmos and sg13_hv_nmos are equivalent.

Subcircuit summary:
Circuit 1: osc                             |Circuit 2: osc                             
-------------------------------------------|-------------------------------------------
sg13_hv_pmos (5)                           |sg13_hv_pmos (5)                           
sg13_hv_nmos (4)                           |sg13_hv_nmos (4)                           
(no matching element)                      |cap_cmomi (2)                              
Number of devices: 9 **Mismatch**          |Number of devices: 11 **Mismatch**         
Number of nets: 7                          |Number of nets: 7                          
---------------------------------------------------------------------------------------
NET mismatches: Class fragments follow (with fanout counts):
Circuit 1: osc                             |Circuit 2: osc                             

---------------------------------------------------------------------------------------
Net: out1                                  |Net: out1                                  
  sg13_hv_nmos/(1|3) = 1                   |  sg13_hv_nmos/(1|3) = 1                   
  sg13_hv_pmos/(1|3) = 1                   |  sg13_hv_pmos/(1|3) = 1                   
                                           |  cap_cmomi/2 = 1                          
                                           |                                           
Net: out2                                  |Net: out2                                  
  sg13_hv_pmos/(1|3) = 1                   |  sg13_hv_pmos/(1|3) = 1                   
  sg13_hv_nmos/(1|3) = 1                   |  sg13_hv_nmos/(1|3) = 1                   
                                           |  cap_cmomi/1 = 1                          
                                           |                                           
Net: c1                                    |Net: c1                                    
  sg13_hv_pmos/(1|3) = 1                   |  sg13_hv_pmos/(1|3) = 1                   
  sg13_hv_nmos/(1|3) = 1                   |  sg13_hv_nmos/(1|3) = 1                   
  sg13_hv_nmos/2 = 2                       |  sg13_hv_nmos/2 = 2                       
                                           |  cap_cmomi/1 = 1                          
                                           |                                           
Net: c2                                    |Net: c2                                    
  sg13_hv_pmos/(1|3) = 1                   |  sg13_hv_pmos/(1|3) = 1                   
  sg13_hv_nmos/2 = 2                       |  sg13_hv_nmos/2 = 2                       
  sg13_hv_nmos/(1|3) = 1                   |  sg13_hv_nmos/(1|3) = 1                   
                                           |  cap_cmomi/2 = 1                          
---------------------------------------------------------------------------------------
DEVICE mismatches: Class fragments follow (with node fanout counts):
Circuit 1: osc                             |Circuit 2: osc                             

---------------------------------------------------------------------------------------
(no matching instance)                     |Instance: cap_cmomi:C1                     
                                           |  1 = 5                                    
                                           |  2 = 3                                    
                                           |                                           
(no matching instance)                     |Instance: cap_cmomi:C2                     
                                           |  1 = 3                                    
                                           |  2 = 5                                    
---------------------------------------------------------------------------------------
Netlists do not match.
Port matching may fail to disambiguate symmetries.

Subcircuit pins:
Circuit 1: osc                             |Circuit 2: osc                             
-------------------------------------------|-------------------------------------------
c2                                         |out1 **Mismatch**                          
c1                                         |out2 **Mismatch**                          
out1                                       |c1 **Mismatch**                            
out2                                       |c2 **Mismatch**                            
VSS                                        |VSS                                        
ictrl                                      |ictrl                                      
VDD                                        |VDD                                        
---------------------------------------------------------------------------------------
Cell pin lists for osc and osc altered to match.
Device classes osc and osc are equivalent.

Final result: Top level cell failed pin matching.
