
Circuit 1 cell sg13_hv_nmos and Circuit 2 cell sg13_hv_nmos are black boxes.
Warning: Equate pins:  cell sg13_hv_nmos is a placeholder, treated as a black box.
Warning: Equate pins:  cell sg13_hv_nmos is a placeholder, treated as a black box.

Subcircuit pins:
Circuit 1: sg13_hv_nmos                    |Circuit 2: sg13_hv_nmos                    
-------------------------------------------|-------------------------------------------
1                                          |1                                          
2                                          |2                                          
3                                          |3                                          
4                                          |4                                          
---------------------------------------------------------------------------------------
Cell pin lists are equivalent.
Device classes sg13_hv_nmos and sg13_hv_nmos are equivalent.

Circuit 1 cell sg13_hv_pmos and Circuit 2 cell sg13_hv_pmos are black boxes.
Warning: Equate pins:  cell sg13_hv_pmos is a placeholder, treated as a black box.
Warning: Equate pins:  cell sg13_hv_pmos is a placeholder, treated as a black box.

Subcircuit pins:
Circuit 1: sg13_hv_pmos                    |Circuit 2: sg13_hv_pmos                    
-------------------------------------------|-------------------------------------------
1                                          |1                                          
2                                          |2                                          
3                                          |3                                          
4                                          |4                                          
---------------------------------------------------------------------------------------
Cell pin lists are equivalent.
Device classes sg13_hv_pmos and sg13_hv_pmos are equivalent.

Class hv_nor (0):  Merged 12 parallel devices.
Subcircuit summary:
Circuit 1: hv_nor                          |Circuit 2: hv_nor                          
-------------------------------------------|-------------------------------------------
sg13_hv_nmos (8->2)                        |sg13_hv_nmos (2)                           
sg13_hv_pmos (8->2)                        |sg13_hv_pmos (2)                           
Number of devices: 4                       |Number of devices: 4                       
Number of nets: 6                          |Number of nets: 6                          
---------------------------------------------------------------------------------------
Netlists match uniquely with property errors.
sg13_hv_pmos:4 vs. sg13_hv_pmos:M4:
 l circuit1: "4e-07"   (unresolved expression)  (property type mismatch)
 w circuit1: "1e-05"   (unresolved expression)  (property type mismatch)
sg13_hv_pmos:4 vs. sg13_hv_pmos:M4:
Property mm_ok in circuit2 has no matching property in circuit1
sg13_hv_pmos:1 vs. sg13_hv_pmos:M3:
 l circuit1: "4e-07"   (unresolved expression)  (property type mismatch)
 w circuit1: "1e-05"   (unresolved expression)  (property type mismatch)
sg13_hv_pmos:1 vs. sg13_hv_pmos:M3:
Property mm_ok in circuit2 has no matching property in circuit1
sg13_hv_nmos:2 vs. sg13_hv_nmos:M2:
 l circuit1: "4.5e-07"   (unresolved expression)  (property type mismatch)
 w circuit1: "3e-06"   (unresolved expression)  (property type mismatch)
sg13_hv_nmos:2 vs. sg13_hv_nmos:M2:
Property mm_ok in circuit2 has no matching property in circuit1
sg13_hv_nmos:0 vs. sg13_hv_nmos:M1:
 l circuit1: "4.5e-07"   (unresolved expression)  (property type mismatch)
 w circuit1: "3e-06"   (unresolved expression)  (property type mismatch)
sg13_hv_nmos:0 vs. sg13_hv_nmos:M1:
Property mm_ok in circuit2 has no matching property in circuit1

Subcircuit pins:
Circuit 1: hv_nor                          |Circuit 2: hv_nor                          
-------------------------------------------|-------------------------------------------
out                                        |out                                        
VDD                                        |VDD                                        
in1                                        |in1                                        
in2                                        |in2                                        
VSS                                        |VSS                                        
---------------------------------------------------------------------------------------
Cell pin lists are equivalent.
Device classes hv_nor and hv_nor are equivalent.

Final result: Circuits match uniquely.
Property errors were found.

The following cells had property errors:
 hv_nor
