
Circuit 1 cell sg13_hv_pmos and Circuit 2 cell sg13_hv_pmos are black boxes.
Warning: Equate pins:  cell sg13_hv_pmos is a placeholder, treated as a black box.
Warning: Equate pins:  cell sg13_hv_pmos is a placeholder, treated as a black box.

Subcircuit pins:
Circuit 1: sg13_hv_pmos                    |Circuit 2: sg13_hv_pmos                    
-------------------------------------------|-------------------------------------------
1                                          |1                                          
2                                          |2                                          
3                                          |3                                          
4                                          |4                                          
---------------------------------------------------------------------------------------
Cell pin lists are equivalent.
Device classes sg13_hv_pmos and sg13_hv_pmos are equivalent.

Circuit 1 cell rhigh and Circuit 2 cell rhigh are black boxes.
Warning: Equate pins:  cell rhigh is a placeholder, treated as a black box.
Warning: Equate pins:  cell rhigh is a placeholder, treated as a black box.

Subcircuit pins:
Circuit 1: rhigh                           |Circuit 2: rhigh                           
-------------------------------------------|-------------------------------------------
1                                          |1                                          
2                                          |2                                          
3                                          |3                                          
---------------------------------------------------------------------------------------
Cell pin lists are equivalent.
Device classes rhigh and rhigh are equivalent.

Circuit 1 cell sg13_hv_nmos and Circuit 2 cell sg13_hv_nmos are black boxes.
Warning: Equate pins:  cell sg13_hv_nmos is a placeholder, treated as a black box.
Warning: Equate pins:  cell sg13_hv_nmos is a placeholder, treated as a black box.

Subcircuit pins:
Circuit 1: sg13_hv_nmos                    |Circuit 2: sg13_hv_nmos                    
-------------------------------------------|-------------------------------------------
1                                          |1                                          
2                                          |2                                          
3                                          |3                                          
4                                          |4                                          
---------------------------------------------------------------------------------------
Cell pin lists are equivalent.
Device classes sg13_hv_nmos and sg13_hv_nmos are equivalent.

Class voltage_mirror_pmos (0):  Merged 1 parallel devices.
Class voltage_mirror_pmos (0):  Merged 8 series devices.
Subcircuit summary:
Circuit 1: voltage_mirror_pmos             |Circuit 2: voltage_mirror_pmos             
-------------------------------------------|-------------------------------------------
sg13_hv_pmos (4->3)                        |sg13_hv_pmos (3)                           
rhigh (11->3)                              |rhigh (3)                                  
sg13_hv_nmos (2)                           |sg13_hv_nmos (2)                           
Number of devices: 8                       |Number of devices: 8                       
Number of nets: 7                          |Number of nets: 7                          
---------------------------------------------------------------------------------------
Netlists match uniquely with property errors.
sg13_hv_nmos:3 vs. sg13_hv_nmos:M5:
 l circuit1: "5e-06"   circuit2: "n_l"   (exact match req'd)
 w circuit1: "6e-06"   circuit2: "n_w"   (exact match req'd)
sg13_hv_nmos:3 vs. sg13_hv_nmos:M5:
Property mm_ok in circuit2 has no matching property in circuit1
sg13_hv_nmos:3 vs. sg13_hv_nmos:M5:
Property mm_ok in circuit2 has no matching property in circuit1
sg13_hv_nmos:13 vs. sg13_hv_nmos:M2:
 l circuit1: "5e-06"   circuit2: "n_l"   (exact match req'd)
 w circuit1: "6e-06"   circuit2: "n_w"   (exact match req'd)
sg13_hv_nmos:13 vs. sg13_hv_nmos:M2:
Property mm_ok in circuit2 has no matching property in circuit1
sg13_hv_nmos:13 vs. sg13_hv_nmos:M2:
Property mm_ok in circuit2 has no matching property in circuit1
rhigh:14 vs. rhigh:R1:
Property mm_ok in circuit2 has no matching property in circuit1
rhigh:14 vs. rhigh:R1:
Property mm_ok in circuit2 has no matching property in circuit1
rhigh:2 vs. rhigh:R2:
Property mm_ok in circuit2 has no matching property in circuit1
rhigh:2 vs. rhigh:R2:
Property mm_ok in circuit2 has no matching property in circuit1
rhigh:5 vs. rhigh:R3:
Property mm_ok in circuit2 has no matching property in circuit1
rhigh:5 vs. rhigh:R3:
Property mm_ok in circuit2 has no matching property in circuit1
sg13_hv_pmos:7 vs. sg13_hv_pmos:M4:
 l circuit1: "2e-06"   circuit2: "p_l"   (exact match req'd)
 w circuit1: "1e-05"   circuit2: "p_w"   (exact match req'd)
sg13_hv_pmos:7 vs. sg13_hv_pmos:M4:
Property mm_ok in circuit2 has no matching property in circuit1
sg13_hv_pmos:7 vs. sg13_hv_pmos:M4:
Property mm_ok in circuit2 has no matching property in circuit1
sg13_hv_pmos:0 vs. sg13_hv_pmos:M3:
 l circuit1: "2e-06"   circuit2: "p_l"   (exact match req'd)
 w circuit1: "1e-05"   circuit2: "p_w"   (exact match req'd)
sg13_hv_pmos:0 vs. sg13_hv_pmos:M3:
Property mm_ok in circuit2 has no matching property in circuit1
sg13_hv_pmos:0 vs. sg13_hv_pmos:M3:
Property mm_ok in circuit2 has no matching property in circuit1
sg13_hv_pmos:1 vs. sg13_hv_pmos:M6:
 l circuit1: "2e-06"   circuit2: "p_l"   (exact match req'd)
 w circuit1: "9.5e-06"   (unresolved expression)  (property type mismatch)
sg13_hv_pmos:1 vs. sg13_hv_pmos:M6:
Property mm_ok in circuit2 has no matching property in circuit1

Subcircuit pins:
Circuit 1: voltage_mirror_pmos             |Circuit 2: voltage_mirror_pmos             
-------------------------------------------|-------------------------------------------
in                                         |in                                         
VSS                                        |VSS                                        
VDD                                        |VDD                                        
Ibias                                      |Ibias                                      
out                                        |out                                        
nout                                       |nout                                       
---------------------------------------------------------------------------------------
Cell pin lists are equivalent.
Device classes voltage_mirror_pmos and voltage_mirror_pmos are equivalent.

Final result: Circuits match uniquely.
Property errors were found.

The following cells had property errors:
 voltage_mirror_pmos
