
Circuit 1 cell sg13_hv_nmos and Circuit 2 cell sg13_hv_nmos are black boxes.
Warning: Equate pins:  cell sg13_hv_nmos is a placeholder, treated as a black box.
Warning: Equate pins:  cell sg13_hv_nmos is a placeholder, treated as a black box.

Subcircuit pins:
Circuit 1: sg13_hv_nmos                    |Circuit 2: sg13_hv_nmos                    
-------------------------------------------|-------------------------------------------
1                                          |1                                          
2                                          |2                                          
3                                          |3                                          
4                                          |4                                          
---------------------------------------------------------------------------------------
Cell pin lists are equivalent.
Device classes sg13_hv_nmos and sg13_hv_nmos are equivalent.

Circuit 1 cell sg13_hv_pmos and Circuit 2 cell sg13_hv_pmos are black boxes.
Warning: Equate pins:  cell sg13_hv_pmos is a placeholder, treated as a black box.
Warning: Equate pins:  cell sg13_hv_pmos is a placeholder, treated as a black box.

Subcircuit pins:
Circuit 1: sg13_hv_pmos                    |Circuit 2: sg13_hv_pmos                    
-------------------------------------------|-------------------------------------------
1                                          |1                                          
2                                          |2                                          
3                                          |3                                          
4                                          |4                                          
---------------------------------------------------------------------------------------
Cell pin lists are equivalent.
Device classes sg13_hv_pmos and sg13_hv_pmos are equivalent.

Class YadavVCR (0):  Merged 2 parallel devices.
Subcircuit summary:
Circuit 1: YadavVCR                        |Circuit 2: YadavVCR                        
-------------------------------------------|-------------------------------------------
sg13_hv_nmos (12->10)                      |sg13_hv_nmos (12) **Mismatch**             
sg13_hv_pmos (6)                           |sg13_hv_pmos (6)                           
Number of devices: 16 **Mismatch**         |Number of devices: 18 **Mismatch**         
Number of nets: 16 **Mismatch**            |Number of nets: 11 **Mismatch**            
---------------------------------------------------------------------------------------
NET mismatches: Class fragments follow (with fanout counts):
Circuit 1: YadavVCR                        |Circuit 2: YadavVCR                        

---------------------------------------------------------------------------------------
Net: a_6_n2094#                            |Net: Vc                                    
  sg13_hv_nmos/(1|3) = 8                   |  sg13_hv_nmos/2 = 2                       
  sg13_hv_nmos/4 = 10                      |                                           
                                           |                                           
Net: a_1008_n1772#                         |Net: Rin                                   
  sg13_hv_nmos/2 = 1                       |  sg13_hv_nmos/2 = 2                       
                                           |  sg13_hv_nmos/(1|3) = 1                   
                                           |  sg13_hv_pmos/(1|3) = 1                   
                                           |                                           
Net: a_5808_n1772#                         |Net: Rout                                  
  sg13_hv_nmos/2 = 1                       |  sg13_hv_nmos/2 = 2                       
                                           |  sg13_hv_nmos/(1|3) = 1                   
                                           |  sg13_hv_pmos/(1|3) = 1                   
                                           |                                           
Net: a_1808_n1772#                         |Net: net2                                  
  sg13_hv_nmos/2 = 1                       |  sg13_hv_nmos/(1|3) = 2                   
                                           |  sg13_hv_nmos/2 = 1                       
                                           |                                           
Net: a_2608_n1772#                         |Net: net6                                  
  sg13_hv_nmos/2 = 1                       |  sg13_hv_nmos/2 = 1                       
                                           |  sg13_hv_nmos/(1|3) = 2                   
                                           |                                           
Net: a_208_n1772#                          |Net: Vss                                   
  sg13_hv_nmos/2 = 1                       |  sg13_hv_nmos/4 = 12                      
                                           |  sg13_hv_nmos/(1|3) = 10                  
                                           |                                           
Net: (no pins)                             |Net: net1                                  
  sg13_hv_nmos/2 = 1                       |  sg13_hv_pmos/(1|3) = 1                   
                                           |  sg13_hv_pmos/2 = 3                       
                                           |  sg13_hv_nmos/(1|3) = 2                   
                                           |                                           
Net: a_310_n1840#                          |Net: net3                                  
  sg13_hv_nmos/(1|3) = 2                   |  sg13_hv_nmos/(1|3) = 2                   
                                           |  sg13_hv_pmos/(1|3) = 1                   
                                           |  sg13_hv_pmos/2 = 3                       
                                           |                                           
Net: a_5110_n1840#                         |(no matching net)                          
  sg13_hv_nmos/(1|3) = 2                   |                                           
                                           |                                           
Net: a_5072_372#                           |(no matching net)                          
  sg13_hv_pmos/(1|3) = 1                   |                                           
  sg13_hv_nmos/(1|3) = 1                   |                                           
                                           |                                           
Net: a_7510_n608#                          |(no matching net)                          
  sg13_hv_nmos/(1|3) = 1                   |                                           
  sg13_hv_pmos/(1|3) = 1                   |                                           
                                           |                                           
Net: a_1840_250#                           |(no matching net)                          
  sg13_hv_pmos/2 = 3                       |                                           
  sg13_hv_pmos/(1|3) = 1                   |                                           
  sg13_hv_nmos/(1|3) = 1                   |                                           
                                           |                                           
Net: a_440_336#                            |(no matching net)                          
  sg13_hv_pmos/(1|3) = 1                   |                                           
  sg13_hv_pmos/2 = 3                       |                                           
  sg13_hv_nmos/(1|3) = 1                   |                                           
---------------------------------------------------------------------------------------
DEVICE mismatches: Class fragments follow (with node fanout counts):
Circuit 1: YadavVCR                        |Circuit 2: YadavVCR                        

---------------------------------------------------------------------------------------
Instance: sg13_hv_nmos:0                   |Instance: sg13_hv_nmos:M1                  
  (1,3) = (18,2)                           |  (1,3) = (22,6)                           
  2 = 1                                    |  2 = 4                                    
  4 = 18                                   |  4 = 22                                   
                                           |                                           
Instance: sg13_hv_nmos:3                   |Instance: sg13_hv_nmos:M5                  
  (1,3) = (18,2)                           |  (1,3) = (22,6)                           
  2 = 1                                    |  2 = 3                                    
  4 = 18                                   |  4 = 22                                   
                                           |                                           
Instance: sg13_hv_nmos:5                   |Instance: sg13_hv_nmos:M2                  
  (1,3) = (18,5)                           |  (1,3) = (22,6)                           
  2 = 1                                    |  2 = 4                                    
  4 = 18                                   |  4 = 22                                   
                                           |                                           
Instance: sg13_hv_nmos:7                   |Instance: sg13_hv_nmos:M7                  
  (1,3) = (18,5)                           |  (1,3) = (22,3)                           
  2 = 1                                    |  2 = 2                                    
  4 = 18                                   |  4 = 22                                   
                                           |                                           
(no matching instance)                     |Instance: sg13_hv_nmos:M6                  
                                           |  (1,3) = (22,6)                           
                                           |  2 = 3                                    
                                           |  4 = 22                                   
                                           |                                           
                                           |                                           
(no matching instance)                     |Instance: sg13_hv_nmos:M8                  
                                           |  (1,3) = (22,3)                           
                                           |  2 = 2                                    
                                           |  4 = 22                                   
                                           |                                           
---------------------------------------------------------------------------------------
Netlists do not match.
Port matching may fail to disambiguate symmetries.

Subcircuit pins:
Circuit 1: YadavVCR                        |Circuit 2: YadavVCR                        
-------------------------------------------|-------------------------------------------
(no pin, node is w_0_0#)                   |Vdd                                        
(no pin, node is a_440_336#)               |Rin                                        
(no pin, node is a_440_336#)               |Rout                                       
(no pin, node is a_440_336#)               |Vc                                         
(no pin, node is a_440_336#)               |Vss                                        
---------------------------------------------------------------------------------------
Cell pin lists for YadavVCR and YadavVCR altered to match.
Device classes YadavVCR and YadavVCR are equivalent.

Final result: Top level cell failed pin matching.
