
Circuit 1 cell rsil and Circuit 2 cell rsil are black boxes.
Warning: Equate pins:  cell rsil is a placeholder, treated as a black box.
Warning: Equate pins:  cell rsil is a placeholder, treated as a black box.

Subcircuit pins:
Circuit 1: rsil                            |Circuit 2: rsil                            
-------------------------------------------|-------------------------------------------
1                                          |1                                          
2                                          |2                                          
3                                          |3                                          
---------------------------------------------------------------------------------------
Cell pin lists are equivalent.
Device classes rsil and rsil are equivalent.

Circuit 1 cell sg13_hv_nmos and Circuit 2 cell sg13_hv_nmos are black boxes.
Warning: Equate pins:  cell sg13_hv_nmos is a placeholder, treated as a black box.
Warning: Equate pins:  cell sg13_hv_nmos is a placeholder, treated as a black box.

Subcircuit pins:
Circuit 1: sg13_hv_nmos                    |Circuit 2: sg13_hv_nmos                    
-------------------------------------------|-------------------------------------------
1                                          |1                                          
2                                          |2                                          
3                                          |3                                          
4                                          |4                                          
---------------------------------------------------------------------------------------
Cell pin lists are equivalent.
Device classes sg13_hv_nmos and sg13_hv_nmos are equivalent.

Circuit 1 cell rppd and Circuit 2 cell rppd are black boxes.
Warning: Equate pins:  cell rppd is a placeholder, treated as a black box.
Warning: Equate pins:  cell rppd is a placeholder, treated as a black box.

Subcircuit pins:
Circuit 1: rppd                            |Circuit 2: rppd                            
-------------------------------------------|-------------------------------------------
1                                          |1                                          
2                                          |2                                          
3                                          |3                                          
---------------------------------------------------------------------------------------
Cell pin lists are equivalent.
Device classes rppd and rppd are equivalent.

Circuit 1 cell sg13_hv_pmos and Circuit 2 cell sg13_hv_pmos are black boxes.
Warning: Equate pins:  cell sg13_hv_pmos is a placeholder, treated as a black box.
Warning: Equate pins:  cell sg13_hv_pmos is a placeholder, treated as a black box.

Subcircuit pins:
Circuit 1: sg13_hv_pmos                    |Circuit 2: sg13_hv_pmos                    
-------------------------------------------|-------------------------------------------
1                                          |1                                          
2                                          |2                                          
3                                          |3                                          
4                                          |4                                          
---------------------------------------------------------------------------------------
Cell pin lists are equivalent.
Device classes sg13_hv_pmos and sg13_hv_pmos are equivalent.

Class current_reference_40uA (0):  Merged 3 parallel devices.
Class current_reference_40uA (0):  Merged 32 series devices.
Class current_reference_40uA (1):  Merged 3 parallel devices.
Subcircuit summary:
Circuit 1: current_reference_40uA          |Circuit 2: current_reference_40uA          
-------------------------------------------|-------------------------------------------
sg13_hv_nmos (6->3)                        |sg13_hv_nmos (6->3)                        
rppd (2->1)                                |rppd (1)                                   
sg13_hv_pmos (2)                           |sg13_hv_pmos (2)                           
rsil (32->1)                               |rsil (1)                                   
Number of devices: 7                       |Number of devices: 7                       
Number of nets: 7                          |Number of nets: 7                          
---------------------------------------------------------------------------------------
Netlists match uniquely with property errors.
rsil:37 vs. rsil:R3:
 l circuit1: 0.00032   circuit2: 0.000365   (delta=13.1%, cutoff=1%)
rsil:37 vs. rsil:R3:
Property mm_ok in circuit2 has no matching property in circuit1
rsil:37 vs. rsil:R3:
Property mm_ok in circuit2 has no matching property in circuit1
sg13_hv_pmos:21 vs. sg13_hv_pmos:M6:
 l circuit1: "2e-06"   circuit2: "p_l"   (exact match req'd)
 w circuit1: "1e-05"   circuit2: "p_w"   (exact match req'd)
sg13_hv_pmos:21 vs. sg13_hv_pmos:M6:
Property mm_ok in circuit2 has no matching property in circuit1
sg13_hv_pmos:21 vs. sg13_hv_pmos:M6:
Property mm_ok in circuit2 has no matching property in circuit1
sg13_hv_pmos:38 vs. sg13_hv_pmos:M1:
 l circuit1: "2e-06"   circuit2: "p_l"   (exact match req'd)
 w circuit1: "1e-05"   circuit2: "p_w"   (exact match req'd)
sg13_hv_pmos:38 vs. sg13_hv_pmos:M1:
Property mm_ok in circuit2 has no matching property in circuit1
sg13_hv_pmos:38 vs. sg13_hv_pmos:M1:
Property mm_ok in circuit2 has no matching property in circuit1
rppd:10 vs. rppd:R2:
Property mm_ok in circuit2 has no matching property in circuit1
rppd:10 vs. rppd:R2:
Property mm_ok in circuit2 has no matching property in circuit1
sg13_hv_nmos:18 vs. sg13_hv_nmos:M8:
 l circuit1: "5e-06"   circuit2: "n_l"   (exact match req'd)
 w circuit1: "6e-06"   circuit2: "n_w"   (exact match req'd)
sg13_hv_nmos:18 vs. sg13_hv_nmos:M8:
Property mm_ok in circuit2 has no matching property in circuit1
sg13_hv_nmos:18 vs. sg13_hv_nmos:M8:
Property mm_ok in circuit2 has no matching property in circuit1
sg13_hv_nmos:1 vs. sg13_hv_nmos:M3:
 l circuit1: "5e-06"   circuit2: "n_l"   (exact match req'd)
 w circuit1: "6e-06"   circuit2: "n_w"   (exact match req'd)
sg13_hv_nmos:1 vs. sg13_hv_nmos:M3:
Property mm_ok in circuit2 has no matching property in circuit1
sg13_hv_nmos:32 vs. sg13_hv_nmos:M7:
 l circuit1: "5e-06"   circuit2: "n_l"   (exact match req'd)
 w circuit1: "6e-06"   circuit2: "n_w"   (exact match req'd)
sg13_hv_nmos:32 vs. sg13_hv_nmos:M7:
Property mm_ok in circuit2 has no matching property in circuit1
sg13_hv_nmos:32 vs. sg13_hv_nmos:M7:
Property mm_ok in circuit2 has no matching property in circuit1

Subcircuit pins:
Circuit 1: current_reference_40uA          |Circuit 2: current_reference_40uA          
-------------------------------------------|-------------------------------------------
iout                                       |iout                                       
VDD                                        |VDD                                        
VSS                                        |VSS                                        
---------------------------------------------------------------------------------------
Cell pin lists are equivalent.
Device classes current_reference_40uA and current_reference_40uA are equivalent.

Final result: Circuits match uniquely.
Property errors were found.

The following cells had property errors:
 current_reference_40uA
