
Circuit 1 cell sg13_hv_nmos and Circuit 2 cell sg13_hv_nmos are black boxes.
Warning: Equate pins:  cell sg13_hv_nmos is a placeholder, treated as a black box.
Warning: Equate pins:  cell sg13_hv_nmos is a placeholder, treated as a black box.

Subcircuit pins:
Circuit 1: sg13_hv_nmos                    |Circuit 2: sg13_hv_nmos                    
-------------------------------------------|-------------------------------------------
1                                          |1                                          
2                                          |2                                          
3                                          |3                                          
4                                          |4                                          
---------------------------------------------------------------------------------------
Cell pin lists are equivalent.
Device classes sg13_hv_nmos and sg13_hv_nmos are equivalent.

Circuit 1 cell sg13_hv_pmos and Circuit 2 cell sg13_hv_pmos are black boxes.
Warning: Equate pins:  cell sg13_hv_pmos is a placeholder, treated as a black box.
Warning: Equate pins:  cell sg13_hv_pmos is a placeholder, treated as a black box.

Subcircuit pins:
Circuit 1: sg13_hv_pmos                    |Circuit 2: sg13_hv_pmos                    
-------------------------------------------|-------------------------------------------
1                                          |1                                          
2                                          |2                                          
3                                          |3                                          
4                                          |4                                          
---------------------------------------------------------------------------------------
Cell pin lists are equivalent.
Device classes sg13_hv_pmos and sg13_hv_pmos are equivalent.
Flattening unmatched subcell transmission_gate in circuit analog_switch_3pst (1)(3 instances)
Flattening unmatched subcell hv_inverter_40u in circuit analog_switch_3pst (1)(1 instance)
Flattening unmatched subcell lvl_shift_up in circuit analog_switch_3pst (1)(1 instance)
Flattening unmatched subcell hv_inverter_6u5 in circuit analog_switch_3pst (1)(1 instance)

Class analog_switch_3pst (0):  Merged 122 parallel devices.
Subcircuit summary:
Circuit 1: analog_switch_3pst              |Circuit 2: analog_switch_3pst              
-------------------------------------------|-------------------------------------------
sg13_hv_nmos (67->6)                       |sg13_hv_nmos (6)                           
sg13_hv_pmos (67->6)                       |sg13_hv_pmos (6)                           
Number of devices: 12                      |Number of devices: 12                      
Number of nets: 12                         |Number of nets: 12                         
---------------------------------------------------------------------------------------
Resolving symmetries by property value.
Resolving symmetries by pin name.
Netlists match uniquely with property errors.
sg13_hv_pmos:8 vs. hv_inverter_40u:7/sg13_hv_pmos:M3:
 l circuit1: 4e-07   (unresolved expression)  (property type mismatch)
 w circuit1: 1e-05   (unresolved expression)  (property type mismatch)
sg13_hv_pmos:8 vs. hv_inverter_40u:7/sg13_hv_pmos:M3:
Property mm_ok in circuit2 has no matching property in circuit1
sg13_hv_pmos:96 vs. lvl_shift_up:8/sg13_hv_pmos:M2:
 l circuit1: 4.5e-07   (unresolved expression)  (property type mismatch)
 w circuit1: 2e-06   (unresolved expression)  (property type mismatch)
sg13_hv_pmos:96 vs. lvl_shift_up:8/sg13_hv_pmos:M2:
Property mm_ok in circuit2 has no matching property in circuit1
sg13_hv_pmos:65 vs. lvl_shift_up:8/hv_inverter_6u5:4/sg13_hv_pmos:M3:
 l circuit1: 4e-07   (unresolved expression)  (property type mismatch)
 w circuit1: 6.5e-06   (unresolved expression)  (property type mismatch)
sg13_hv_pmos:65 vs. lvl_shift_up:8/hv_inverter_6u5:4/sg13_hv_pmos:M3:
Property mm_ok in circuit2 has no matching property in circuit1
sg13_hv_pmos:65 vs. lvl_shift_up:8/hv_inverter_6u5:4/sg13_hv_pmos:M3:
Property mm_ok in circuit2 has no matching property in circuit1
sg13_hv_pmos:6 vs. transmission_gate:6/sg13_hv_pmos:M4:
 l circuit1: 4.5e-07   (unresolved expression)  (property type mismatch)
 w circuit1: 0.0001   (unresolved expression)  (property type mismatch)
sg13_hv_pmos:6 vs. transmission_gate:6/sg13_hv_pmos:M4:
Property mm_ok in circuit2 has no matching property in circuit1
sg13_hv_pmos:1 vs. transmission_gate:3/sg13_hv_pmos:M4:
 l circuit1: 4.5e-07   (unresolved expression)  (property type mismatch)
 w circuit1: 0.0001   (unresolved expression)  (property type mismatch)
sg13_hv_pmos:1 vs. transmission_gate:3/sg13_hv_pmos:M4:
Property mm_ok in circuit2 has no matching property in circuit1
sg13_hv_pmos:3 vs. transmission_gate:1/sg13_hv_pmos:M4:
 l circuit1: 4.5e-07   (unresolved expression)  (property type mismatch)
 w circuit1: 0.0001   (unresolved expression)  (property type mismatch)
sg13_hv_pmos:3 vs. transmission_gate:1/sg13_hv_pmos:M4:
Property mm_ok in circuit2 has no matching property in circuit1
sg13_hv_nmos:13 vs. hv_inverter_40u:7/sg13_hv_nmos:M2:
 l circuit1: 4.5e-07   (unresolved expression)  (property type mismatch)
 w circuit1: 1.2e-05   (unresolved expression)  (property type mismatch)
sg13_hv_nmos:13 vs. hv_inverter_40u:7/sg13_hv_nmos:M2:
Property mm_ok in circuit2 has no matching property in circuit1
sg13_hv_nmos:64 vs. lvl_shift_up:8/sg13_hv_nmos:M1:
 l circuit1: 4.5e-07   (unresolved expression)  (property type mismatch)
 w circuit1: 2e-05   (unresolved expression)  (property type mismatch)
sg13_hv_nmos:64 vs. lvl_shift_up:8/sg13_hv_nmos:M1:
Property mm_ok in circuit2 has no matching property in circuit1
sg13_hv_nmos:104 vs. lvl_shift_up:8/hv_inverter_6u5:4/sg13_hv_nmos:M2:
 l circuit1: 4.5e-07   (unresolved expression)  (property type mismatch)
 w circuit1: 2e-06   (unresolved expression)  (property type mismatch)
sg13_hv_nmos:104 vs. lvl_shift_up:8/hv_inverter_6u5:4/sg13_hv_nmos:M2:
Property mm_ok in circuit2 has no matching property in circuit1
sg13_hv_nmos:104 vs. lvl_shift_up:8/hv_inverter_6u5:4/sg13_hv_nmos:M2:
Property mm_ok in circuit2 has no matching property in circuit1
sg13_hv_nmos:5 vs. transmission_gate:6/sg13_hv_nmos:M3:
 l circuit1: 4.5e-07   (unresolved expression)  (property type mismatch)
 w circuit1: 4e-05   (unresolved expression)  (property type mismatch)
sg13_hv_nmos:5 vs. transmission_gate:6/sg13_hv_nmos:M3:
Property mm_ok in circuit2 has no matching property in circuit1
sg13_hv_nmos:12 vs. transmission_gate:3/sg13_hv_nmos:M3:
 l circuit1: 4.5e-07   (unresolved expression)  (property type mismatch)
 w circuit1: 4e-05   (unresolved expression)  (property type mismatch)
sg13_hv_nmos:12 vs. transmission_gate:3/sg13_hv_nmos:M3:
Property mm_ok in circuit2 has no matching property in circuit1
sg13_hv_nmos:0 vs. transmission_gate:1/sg13_hv_nmos:M3:
 l circuit1: 4.5e-07   (unresolved expression)  (property type mismatch)
 w circuit1: 4e-05   (unresolved expression)  (property type mismatch)
sg13_hv_nmos:0 vs. transmission_gate:1/sg13_hv_nmos:M3:
Property mm_ok in circuit2 has no matching property in circuit1

Subcircuit pins:
Circuit 1: analog_switch_3pst              |Circuit 2: analog_switch_3pst              
-------------------------------------------|-------------------------------------------
VAPWR                                      |VAPWR                                      
VGND                                       |VGND                                       
ctrl                                       |ctrl                                       
sw1_p1                                     |sw1_p1                                     
sw1_p2                                     |sw1_p2                                     
sw2_p2                                     |sw2_p2                                     
sw2_p1                                     |sw2_p1                                     
sw3_p2                                     |sw3_p2                                     
sw3_p1                                     |sw3_p1                                     
---------------------------------------------------------------------------------------
Cell pin lists are equivalent.
Device classes analog_switch_3pst and analog_switch_3pst are equivalent.

Final result: Circuits match uniquely.
Property errors were found.

The following cells had property errors:
 analog_switch_3pst
