
Circuit 1 cell sg13_hv_nmos and Circuit 2 cell sg13_hv_nmos are black boxes.
Warning: Equate pins:  cell sg13_hv_nmos is a placeholder, treated as a black box.
Warning: Equate pins:  cell sg13_hv_nmos is a placeholder, treated as a black box.

Subcircuit pins:
Circuit 1: sg13_hv_nmos                    |Circuit 2: sg13_hv_nmos                    
-------------------------------------------|-------------------------------------------
1                                          |1                                          
2                                          |2                                          
3                                          |3                                          
4                                          |4                                          
---------------------------------------------------------------------------------------
Cell pin lists are equivalent.
Device classes sg13_hv_nmos and sg13_hv_nmos are equivalent.

Circuit 1 cell sg13_hv_pmos and Circuit 2 cell sg13_hv_pmos are black boxes.
Warning: Equate pins:  cell sg13_hv_pmos is a placeholder, treated as a black box.
Warning: Equate pins:  cell sg13_hv_pmos is a placeholder, treated as a black box.

Subcircuit pins:
Circuit 1: sg13_hv_pmos                    |Circuit 2: sg13_hv_pmos                    
-------------------------------------------|-------------------------------------------
1                                          |1                                          
2                                          |2                                          
3                                          |3                                          
4                                          |4                                          
---------------------------------------------------------------------------------------
Cell pin lists are equivalent.
Device classes sg13_hv_pmos and sg13_hv_pmos are equivalent.

Class transmission_gate (0):  Merged 38 parallel devices.
Subcircuit summary:
Circuit 1: transmission_gate               |Circuit 2: transmission_gate               
-------------------------------------------|-------------------------------------------
sg13_hv_nmos (20->1)                       |sg13_hv_nmos (1)                           
sg13_hv_pmos (20->1)                       |sg13_hv_pmos (1)                           
Number of devices: 2                       |Number of devices: 2                       
Number of nets: 6                          |Number of nets: 6                          
---------------------------------------------------------------------------------------
Resolving symmetries by property value.
Resolving symmetries by pin name.
Netlists match uniquely with property errors.
sg13_hv_pmos:1 vs. sg13_hv_pmos:M4:
 l circuit1: "4.5e-07"   (unresolved expression)  (property type mismatch)
 w circuit1: "5e-06"   (unresolved expression)  (property type mismatch)
sg13_hv_pmos:1 vs. sg13_hv_pmos:M4:
Property mm_ok in circuit2 has no matching property in circuit1
sg13_hv_nmos:0 vs. sg13_hv_nmos:M3:
 l circuit1: "4.5e-07"   (unresolved expression)  (property type mismatch)
 w circuit1: "2e-06"   (unresolved expression)  (property type mismatch)
sg13_hv_nmos:0 vs. sg13_hv_nmos:M3:
Property mm_ok in circuit2 has no matching property in circuit1

Subcircuit pins:
Circuit 1: transmission_gate               |Circuit 2: transmission_gate               
-------------------------------------------|-------------------------------------------
vctrl                                      |vctrl                                      
VSS                                        |VSS                                        
nvctrl                                     |nvctrl                                     
VDD                                        |VDD                                        
vout                                       |vout                                       
vin                                        |vin                                        
---------------------------------------------------------------------------------------
Cell pin lists are equivalent.
Device classes transmission_gate and transmission_gate are equivalent.

Final result: Circuits match uniquely.
Property errors were found.

The following cells had property errors:
 transmission_gate
