
Circuit 1 cell sg13_hv_nmos and Circuit 2 cell sg13_hv_nmos are black boxes.
Warning: Equate pins:  cell sg13_hv_nmos is a placeholder, treated as a black box.
Warning: Equate pins:  cell sg13_hv_nmos is a placeholder, treated as a black box.

Subcircuit pins:
Circuit 1: sg13_hv_nmos                    |Circuit 2: sg13_hv_nmos                    
-------------------------------------------|-------------------------------------------
1                                          |1                                          
2                                          |2                                          
3                                          |3                                          
4                                          |4                                          
---------------------------------------------------------------------------------------
Cell pin lists are equivalent.
Device classes sg13_hv_nmos and sg13_hv_nmos are equivalent.

Circuit 1 cell sg13_hv_pmos and Circuit 2 cell sg13_hv_pmos are black boxes.
Warning: Equate pins:  cell sg13_hv_pmos is a placeholder, treated as a black box.
Warning: Equate pins:  cell sg13_hv_pmos is a placeholder, treated as a black box.

Subcircuit pins:
Circuit 1: sg13_hv_pmos                    |Circuit 2: sg13_hv_pmos                    
-------------------------------------------|-------------------------------------------
1                                          |1                                          
2                                          |2                                          
3                                          |3                                          
4                                          |4                                          
---------------------------------------------------------------------------------------
Cell pin lists are equivalent.
Device classes sg13_hv_pmos and sg13_hv_pmos are equivalent.

Subcircuit summary:
Circuit 1: YadavVCR                        |Circuit 2: YadavVCR                        
-------------------------------------------|-------------------------------------------
sg13_hv_nmos (12)                          |sg13_hv_nmos (12)                          
sg13_hv_pmos (6)                           |sg13_hv_pmos (6)                           
Number of devices: 18                      |Number of devices: 18                      
Number of nets: 11                         |Number of nets: 11                         
---------------------------------------------------------------------------------------
Resolving symmetries by property value.
Resolving symmetries by pin name.
Netlists match uniquely with property errors.
sg13_hv_pmos:4 vs. sg13_hv_pmos:M13:
Property mm_ok in circuit2 has no matching property in circuit1
sg13_hv_pmos:4 vs. sg13_hv_pmos:M13:
Property mm_ok in circuit2 has no matching property in circuit1
sg13_hv_pmos:2 vs. sg13_hv_pmos:M16:
Property mm_ok in circuit2 has no matching property in circuit1
sg13_hv_pmos:2 vs. sg13_hv_pmos:M16:
Property mm_ok in circuit2 has no matching property in circuit1
sg13_hv_pmos:9 vs. sg13_hv_pmos:M14:
Property mm_ok in circuit2 has no matching property in circuit1
sg13_hv_pmos:9 vs. sg13_hv_pmos:M14:
Property mm_ok in circuit2 has no matching property in circuit1
sg13_hv_pmos:6 vs. sg13_hv_pmos:M18:
Property mm_ok in circuit2 has no matching property in circuit1
sg13_hv_pmos:6 vs. sg13_hv_pmos:M18:
Property mm_ok in circuit2 has no matching property in circuit1
sg13_hv_pmos:15 vs. sg13_hv_pmos:M15:
Property mm_ok in circuit2 has no matching property in circuit1
sg13_hv_pmos:15 vs. sg13_hv_pmos:M15:
Property mm_ok in circuit2 has no matching property in circuit1
sg13_hv_pmos:1 vs. sg13_hv_pmos:M17:
Property mm_ok in circuit2 has no matching property in circuit1
sg13_hv_pmos:1 vs. sg13_hv_pmos:M17:
Property mm_ok in circuit2 has no matching property in circuit1
sg13_hv_nmos:11 vs. sg13_hv_nmos:M2:
Property mm_ok in circuit2 has no matching property in circuit1
sg13_hv_nmos:11 vs. sg13_hv_nmos:M2:
Property mm_ok in circuit2 has no matching property in circuit1
sg13_hv_nmos:7 vs. sg13_hv_nmos:M1:
Property mm_ok in circuit2 has no matching property in circuit1
sg13_hv_nmos:7 vs. sg13_hv_nmos:M1:
Property mm_ok in circuit2 has no matching property in circuit1
sg13_hv_nmos:5 vs. sg13_hv_nmos:M5:
Property mm_ok in circuit2 has no matching property in circuit1
sg13_hv_nmos:5 vs. sg13_hv_nmos:M5:
Property mm_ok in circuit2 has no matching property in circuit1
sg13_hv_nmos:14 vs. sg13_hv_nmos:M6:
Property mm_ok in circuit2 has no matching property in circuit1
sg13_hv_nmos:14 vs. sg13_hv_nmos:M6:
Property mm_ok in circuit2 has no matching property in circuit1
sg13_hv_nmos:0 vs. sg13_hv_nmos:M7:
Property mm_ok in circuit2 has no matching property in circuit1
sg13_hv_nmos:0 vs. sg13_hv_nmos:M7:
Property mm_ok in circuit2 has no matching property in circuit1
sg13_hv_nmos:3 vs. sg13_hv_nmos:M8:
Property mm_ok in circuit2 has no matching property in circuit1
sg13_hv_nmos:3 vs. sg13_hv_nmos:M8:
Property mm_ok in circuit2 has no matching property in circuit1
sg13_hv_nmos:17 vs. sg13_hv_nmos:M4:
Property mm_ok in circuit2 has no matching property in circuit1
sg13_hv_nmos:17 vs. sg13_hv_nmos:M4:
Property mm_ok in circuit2 has no matching property in circuit1
sg13_hv_nmos:16 vs. sg13_hv_nmos:M3:
Property mm_ok in circuit2 has no matching property in circuit1
sg13_hv_nmos:16 vs. sg13_hv_nmos:M3:
Property mm_ok in circuit2 has no matching property in circuit1
sg13_hv_nmos:10 vs. sg13_hv_nmos:M9:
Property mm_ok in circuit2 has no matching property in circuit1
sg13_hv_nmos:10 vs. sg13_hv_nmos:M9:
Property mm_ok in circuit2 has no matching property in circuit1
sg13_hv_nmos:13 vs. sg13_hv_nmos:M11:
Property mm_ok in circuit2 has no matching property in circuit1
sg13_hv_nmos:13 vs. sg13_hv_nmos:M11:
Property mm_ok in circuit2 has no matching property in circuit1
sg13_hv_nmos:12 vs. sg13_hv_nmos:M12:
Property mm_ok in circuit2 has no matching property in circuit1
sg13_hv_nmos:12 vs. sg13_hv_nmos:M12:
Property mm_ok in circuit2 has no matching property in circuit1
sg13_hv_nmos:8 vs. sg13_hv_nmos:M10:
Property mm_ok in circuit2 has no matching property in circuit1
sg13_hv_nmos:8 vs. sg13_hv_nmos:M10:
Property mm_ok in circuit2 has no matching property in circuit1

Subcircuit pins:
Circuit 1: YadavVCR                        |Circuit 2: YadavVCR                        
-------------------------------------------|-------------------------------------------
VDD                                        |Vdd                                        
RIN                                        |Rin                                        
ROUT                                       |Rout                                       
VC                                         |Vc                                         
VSS                                        |Vss                                        
---------------------------------------------------------------------------------------
Cell pin lists are equivalent.
Device classes YadavVCR and YadavVCR are equivalent.

Final result: Circuits match uniquely.
Property errors were found.

The following cells had property errors:
 YadavVCR
